I'm sorry, but errors were detected in your script. Please correct the
errors listed below, and try again.


File "game/script.rpy", line 60: expected statement.
    ed [authenticate(username, password)]
                                         ^

Ren'Py Version: Ren'Py 8.2.1.24030407
Thu May  9 17:39:05 2024
